// Jest Snapshot v1, https://goo.gl/fbAQLP

exports[`txt empty 1`] = `
<span
  className=" e5 e6 e7 e8 e9"
  style={
    Object {
      "display": "block",
    }
  }
>
  <span
    style={
      Object {
        "display": "block",
        "minHeight": 16,
        "padding": "1px 0px",
      }
    }
  >
    <span
      style={
        Object {
          "display": "block",
          "fontSize": 16,
          "lineHeight": "24px",
          "margin": "-5px 0px -5px",
        }
      }
    >
      
    </span>
  </span>
</span>
`;
