// Jest Snapshot v1, https://goo.gl/fbAQLP

exports[`txt empty 1`] = `
<span
  className=" e1 e2 e3 e4 e5"
  style={
    Object {
      "display": "block",
    }
  }
>
  <span
    style={
      Object {
        "display": "block",
        "minHeight": 20,
        "padding": "1px 0px",
      }
    }
  >
    <span
      style={
        Object {
          "display": "block",
          "fontFamily": "inherit",
          "fontSize": 20,
          "lineHeight": "30px",
          "margin": "-6px 0px -6px",
        }
      }
    >
      
    </span>
  </span>
</span>
`;
