// Jest Snapshot v1, https://goo.gl/fbAQLP

exports[`txt: placeholder no text, empty value 1`] = `null`;

exports[`txt: placeholder text, empty value 1`] = `
<span
  style="background:red;position:absolute;top:0;left:0;width:100%;height:100%;padding:0;display:block"
>
  Hello!
</span>
`;

exports[`txt: placeholder text, value 1`] = `null`;
